// Jest Snapshot v1, https://goo.gl/fbAQLP

exports[`expect to render CardList component  1`] = `
<div>
  <Card
    email="JohnJohn@gmail.com"
    id={1}
    key="0"
    name="John John"
  />
</div>
`;
