// Jest Snapshot v1, https://goo.gl/fbAQLP

exports[`when ErrorBoundary fires 1`] = `
<h1>
  Something went wrong..
</h1>
`;
